// Jest Snapshot v1, https://goo.gl/fbAQLP

exports[`Buttno component snapshot renders the button 1`] = `
<button
  id="submitBtn"
>
   Test text 
</button>
`;
