// Jest Snapshot v1, https://goo.gl/fbAQLP

exports[`Button component snapshot renders the button 1`] = `
<button
  className="button--3j7htfnZ"
  id="submitBtn"
>
   Test text 
</button>
`;
