// Jest Snapshot v1, https://goo.gl/fbAQLP

exports[`Chat container snapshot renders the chat container 1`] = `
<div
  className="chat--2BYVCiUn"
>
  <div
    className="row--vs3UeeEQ"
  >
    <ul
      className="message-list--3MC3ek3B"
    >
      <li
        className="my-message-wrapper--h93b8ATj"
      >
        <div
          className="chat-message--QnC2_lx7"
        >
          <p>
            test content 123
          </p>
        </div>
      </li>
      <li
        className="chat-message-wrapper--hp6HY0Bp"
      >
        <div
          className="chat-message--QnC2_lx7"
        >
          <span>
            testUser1
            :
          </span>
          <p>
            test content 456
          </p>
        </div>
      </li>
      <li
        className="chat-message-wrapper--hp6HY0Bp"
      >
        <div
          className="chat-message--QnC2_lx7"
        >
          <span>
            testUser2
            :
          </span>
          <p>
            test content 678
          </p>
        </div>
      </li>
      <li />
    </ul>
    <div
      className="user-list-wrapper--3Kx3AgCl"
    >
      <em
        className="user-list-title--3aw-OTIE"
      >
        USERS ONLINE
      </em>
      <ul
        className="user-list--AtQMgPsm"
      >
        <li
          className="username--ThdCkMwR"
        >
          test1
        </li>
        <li
          className="my-username--2An5F1qD"
        >
          testUser
           (You)
        </li>
      </ul>
    </div>
  </div>
  <form
    onSubmit={[MockFunction]}
  >
    <fieldset>
      <legend>
         
        Insert a text message
         
      </legend>
      <div
        className="input-container--316X5DI-"
      >
        <label
          htmlFor="textField"
        >
           
          Insert a text message
           
        </label>
        <input
          className="input--3L2xwewm"
          id="textField"
          onChange={[MockFunction]}
          type="text"
          value="test content"
        />
      </div>
      <button
        className="button--3j7htfnZ"
        id="sendBtn"
        type="submit"
      >
        Send
      </button>
      
    </fieldset>
  </form>
</div>
`;
